==========================================
reduce in PROGRAM : init .
result Class: 
< "Deadlock" : Cl | Inh: noInh, Par: noVid, Att: noSubst, Mtds:
  < "init" : Mtdname | Param: noVid, Latt: "_" |-> null, Code: skip ; return(
    emp) > *
  < "n" : Mtdname | Param: noVid, Latt: "_" |-> null, Code: release ; return(
    emp) > *
  < "run" : Mtdname | Param: noVid, Latt: "_" |-> null, "l" |-> null, Code: "l"
    ! "this" . "n"(emp) ; release ; skip ; "l" ?(noVid) ; return(emp) >,
  Ocnt: 0 >
Bye.
