==========================================
reduce in PROGRAM : init .
result Configuration: 
< "A" : Cl | Inh: noInh, Par: "a", Att: "a" |-> null, Mtds:
  < "init" : Mtdname | Param: noVid, Latt: noSubst, Code: skip ; return(emp) >
    *
  < "m" : Mtdname | Param: noVid, Latt: "r" |-> null, Code: "r" ::= "a" ;
    return("r") > *
  < "run" : Mtdname | Param: noVid, Latt: noSubst, Code: skip ; return(emp) >,
  Ocnt: 0 >

< "B" : Cl | Inh: "A" < "b" >, Par: "b", Att: "b" |-> null, Mtds:
  < "init" : Mtdname | Param: noVid, Latt: noSubst, Code: skip ; return(emp) >
    *
  < "n" : Mtdname | Param: noVid, Latt: "label:0" |-> null, "r" |-> null, Code:
    "label:0" ! "this" . "m"(emp) ; "label:0" ?("r") ; return("r") > *
  < "run" : Mtdname | Param: noVid, Latt: noSubst, Code: skip ; return(emp) >,
  Ocnt: 0 >

< "C" : Cl | Inh: "A" < "c" >, Par: "c", Att: "c" |-> null, Mtds:
  < "init" : Mtdname | Param: noVid, Latt: noSubst, Code: skip ; return(emp) >
    *
  < "o" : Mtdname | Param: noVid, Latt: "label:0" |-> null, "r" |-> null, Code:
    "label:0" ! "this" . "m"(emp) ; "label:0" ?("r") ; return("r") > *
  < "run" : Mtdname | Param: noVid, Latt: noSubst, Code: skip ; return(emp) >,
  Ocnt: 0 >

< "D" : Cl | Inh: "B" < int(1) > ## "C" < int(2) >, Par: noVid, Att: "x" |->
    null, "y" |-> null, Mtds:
  < "init" : Mtdname | Param: noVid, Latt: noSubst, Code: skip ; return(emp) >
    *
  < "run" : Mtdname | Param: noVid, Latt: "label:0" |-> null, "label:1" |->
    null, Code: "label:0" ! "this" . "n"(emp) ; "label:0" ?("x") ; "label:1" !
    "this" . "o"(emp) ; "label:1" ?("y") ; skip ; return(emp) >,
  Ocnt: 0 >
==========================================
rewrite in PROGRAM : init
main("D", emp) .
result Configuration: 
< ob("D0") : Qu | Size: 10, Dealloc: noDealloc, Ev: noMsg >

< ob("main") : Qu | Size: 1, Dealloc: noDealloc, Ev: noMsg >

< "A" : Cl | Inh: noInh, Par: "a", Att: "a" |-> null, Mtds:
  < "init" : Mtdname | Param: noVid, Latt: noSubst, Code: skip ; return(emp) >
    *
  < "m" : Mtdname | Param: noVid, Latt: "r" |-> null, Code: "r" ::= "a" ;
    return("r") > *
  < "run" : Mtdname | Param: noVid, Latt: noSubst, Code: skip ; return(emp) >,
  Ocnt: 0 >

< "B" : Cl | Inh: "A" < "b" >, Par: "b", Att: "b" |-> null, Mtds:
  < "init" : Mtdname | Param: noVid, Latt: noSubst, Code: skip ; return(emp) >
    *
  < "n" : Mtdname | Param: noVid, Latt: "label:0" |-> null, "r" |-> null, Code:
    "label:0" ! "this" . "m"(emp) ; "label:0" ?("r") ; return("r") > *
  < "run" : Mtdname | Param: noVid, Latt: noSubst, Code: skip ; return(emp) >,
  Ocnt: 0 >

< "C" : Cl | Inh: "A" < "c" >, Par: "c", Att: "c" |-> null, Mtds:
  < "init" : Mtdname | Param: noVid, Latt: noSubst, Code: skip ; return(emp) >
    *
  < "o" : Mtdname | Param: noVid, Latt: "label:0" |-> null, "r" |-> null, Code:
    "label:0" ! "this" . "m"(emp) ; "label:0" ?("r") ; return("r") > *
  < "run" : Mtdname | Param: noVid, Latt: noSubst, Code: skip ; return(emp) >,
  Ocnt: 0 >

< "D" : Cl | Inh: "B" < int(1) > ## "C" < int(2) >, Par: noVid, Att: "x" |->
    null, "y" |-> null, Mtds:
  < "init" : Mtdname | Param: noVid, Latt: noSubst, Code: skip ; return(emp) >
    *
  < "run" : Mtdname | Param: noVid, Latt: "label:0" |-> null, "label:1" |->
    null, Code: "label:0" ! "this" . "n"(emp) ; "label:0" ?("x") ; "label:1" !
    "this" . "o"(emp) ; "label:1" ?("y") ; skip ; return(emp) >,
  Ocnt: 1 >

< ob("D0") : "D" | Att: "a" |-> int(2), "b" |-> int(1), "c" |-> int(2), "this"
    |-> ob("D0"), "x" |-> int(2), "y" |-> int(2),
  Pr: idle,
  PrQ: noProc, Lcnt: 11 >

< ob("main") : "NoClass" | Att: noSubst,
  Pr: idle,
  PrQ: noProc, Lcnt: 0 >
Bye.
