==========================================
reduce in PROGRAM : init .
result Configuration: 
< "A" : Cl | Inh: noInh, Par: "a", Att: "a" |-> null, Mtds:
  < "init" : Mtdname | Param: noVid, Latt: noSubst, Code: skip ; return(emp) >
    *
  < "run" : Mtdname | Param: noVid, Latt: noSubst, Code: skip ; return(emp) >,
  Ocnt: 0 >

< "B" : Cl | Inh: "A" < "b" >, Par: "b", Att: "b" |-> null, Mtds:
  < "init" : Mtdname | Param: noVid, Latt: noSubst, Code: skip ; return(emp) >
    *
  < "run" : Mtdname | Param: noVid, Latt: noSubst, Code: skip ; return(emp) >,
  Ocnt: 0 >
==========================================
rewrite in PROGRAM : init
main("B", int(1)) .
result Configuration: (comp(label(ob("B0"),2), emp) from ob("B0") to ob("B0")
)

< "A" : Cl | Inh: noInh, Par: "a", Att: "a" |-> null, Mtds:
  < "init" : Mtdname | Param: noVid, Latt: noSubst, Code: skip ; return(emp) >
    *
  < "run" : Mtdname | Param: noVid, Latt: noSubst, Code: skip ; return(emp) >,
  Ocnt: 0 >

< "B" : Cl | Inh: "A" < "b" >, Par: "b", Att: "b" |-> null, Mtds:
  < "init" : Mtdname | Param: noVid, Latt: noSubst, Code: skip ; return(emp) >
    *
  < "run" : Mtdname | Param: noVid, Latt: noSubst, Code: skip ; return(emp) >,
  Ocnt: 1 >

< ob("B0") : "B" |
  Att: "a" |-> int(1), "b" |-> int(1), "this" |-> ob("B0"),
  Pr: idle,
  PrQ: noProc,
  Dealloc: label(ob("B0"),2),
  Ev: noMsg,
  Lcnt: 3 >

< ob("main") : "" |
  Att: noSubst,
  Pr: idle,
  PrQ: noProc,
  Dealloc: noDealloc,
  Ev: noMsg,
  Lcnt: 0 >
Bye.
