==========================================
reduce in PROGRAM : classes .
result Class: 
< "Test" : Cl | Inh: noInh, Par: noVid, Att: "x" |-> null, Mtds:
  < "init" : Mtdname | Param: noVid, Latt: "_" |-> null, Code: "x" ::= pair(
    int(1), int(2)) ; return(emp) > *
  < "run" : Mtdname | Param: noVid, Latt: "_" |-> null, Code: skip ; return(
    emp) >,
  Ocnt: 0 >

==========================================
rewrite in PROGRAM : classes main("Test", emp) .
result Configuration: 
< "Test" : Cl | Inh: noInh, Par: noVid, Att: "x" |-> null, Mtds:
  < "init" : Mtdname | Param: noVid, Latt: "_" |-> null, Code: "x" ::= pair(
    int(1), int(2)) ; return(emp) > *
  < "run" : Mtdname | Param: noVid, Latt: "_" |-> null, Code: skip ; return(
    emp) >,
  Ocnt: 1 >
 
< ob("Test0") : "Test" |
  Att: "this" |-> ob("Test0"), "x" |-> pair(int(1), int(2)),
  Pr: idle,
  PrQ: noProc,
  Dealloc: noDealloc,
  Ev: noMsg,
  Lcnt: 2 >
 
< ob("main") : "" |
  Att: noSubst,
  Pr: idle,
  PrQ: noProc,
  Dealloc: noDealloc,
  Ev: noMsg,
  Lcnt: 0 >

Bye.
