==========================================
reduce in CREOL-DATA-SIG : emp .
result DataList: emp
==========================================
reduce in CREOL-DATA-SIG : emp .
result DataList: emp
==========================================
reduce in CREOL-DATA-SIG : noAid .
result AidList: noAid
==========================================
reduce in CREOL-DATA-SIG : noAid .
result AidList: noAid
==========================================
reduce in CREOL-DATA-SIG : "a" .
result Char: "a"
==========================================
reduce in CREOL-DATA-SIG : "a" # "a" .
result NeExprList: "a" # "a"
==========================================
reduce in CREOL-DATA-SIG : "a", "a" .
result NeAidList: "a", "a"
==========================================
reduce in CREOL-DATA-SIG : "a"("a") .
result Appl: "a"("a")
==========================================
reduce in CREOL-DATA-SIG : null .
result Data: null
==========================================
reduce in CREOL-DATA-SIG : null # null .
result NeDataList: null # null
==========================================
reduce in CREOL-DATA-SIG : null # "a" .
result NeExprList: null # "a"
==========================================
reduce in CREOL-DATA-SIG : null # "a"("a") # null .
result NeExprList: null # "a"("a") # null
==========================================
reduce in CREOL-DATA-SIG : "a"("a") # null .
result NeExprList: "a"("a") # null
==========================================
reduce in CREOL-DATA-SIG : null, "a" .
result [ExprList,AidList]: null, "a"
==========================================
reduce in CREOL-DATA-SIG : ob("a") .
result Oid: ob("a")
==========================================
reduce in CREOL-DATA-SIG : bool(true) .
result Data: bool(true)
==========================================
reduce in CREOL-DATA-SIG : "="(null # null) .
result Data: bool(true)
==========================================
reduce in CREOL-DATA-SIG : "/="(null # null) .
result Data: bool(false)
==========================================
reduce in CREOL-DATA-SIG : "~"("="(null # null)) .
result Data: bool(false)
==========================================
reduce in CREOL-DATA-SIG : "||"("="(null # null) # "="(null # null)) .
result Data: bool(true)
==========================================
reduce in CREOL-DATA-LIST : "|-"(list(int(1) # int(2)) # "head"(list(int(1) #
    int(2)))) .
result Data: list(int(1) # int(2) # int(1))
Bye.
