==========================================
reduce in PROGRAM : init .
result Class: 
< "Deadlock" : Cl | Inh: noInh, Par: noVid, Att: noSubst, Mtds:
  < "init" : Mtdname | Param: noVid, Latt: noSubst, Code: skip ; return(emp) >
    *
  < "n" : Mtdname | Param: noVid, Latt: noSubst, Code: release ; return(emp) >
    *
  < "run" : Mtdname | Param: noVid, Latt: noSubst, Code: "l" ! "this" . "n"(
    emp) ; release ; skip ; "l" ?(noVid) ; return(emp) >,
  Ocnt: 0 >
Bye.
