==========================================
reduce in TEST-TAILCALL : init .
result Configuration: 
< ob('main) : Qu | Dealloc: noDealloc,Ev: noMsg >
 
< 'Tailcall : Cl | Inh: noInh,Par: 'x,Att: 'x |-> null,Mtds:
< 'init : Mtdname | Param: noAid,Latt: noSubst,Code: return(emp) > *
< 'run : Mtdname | Param: noAid,Latt: noSubst,Code: if 'less[[int(0) # 'x]] th
    'x ::= ('minus[['x # int(1)]]) ; tailcall 'run(emp) el return(emp) fi >,
    Ocnt: 0 >
 
< ob('main) : 'Class | Att: noSubst,Pr: noSubst,
'var ::= new 'Tailcall(int(5)),PrQ: noProc,Lcnt: 0 >

==========================================
search [1] in TEST-TAILCALL : init =>+ conf:Configuration 
< ob('Tailcall0) : 'Tailcall | Att: A:Subst,Pr: L:Subst,
accept(tag(label(2))) ; SL:StmList,PrQ: W:MProc,Lcnt: N:Nat >
 .

Solution 1 (state 42)
conf:Configuration --> boundMtd(ob('Tailcall0),('caller |-> ob('Tailcall0),
    'label |-> tag(label(2))),
noAid ::= emp ; if 'less[[int(0) # 'x]] th 'x ::= ('minus[['x # int(1)]]) ;
    tailcall 'run(emp) el return(emp) fi)
 
< ob('Tailcall0) : Qu | Dealloc: noDealloc,Ev: noMsg >
 
< ob('main) : Qu | Dealloc: noDealloc,Ev: noMsg >
 
< 'Tailcall : Cl | Inh: noInh,Par: 'x,Att: 'x |-> null,Mtds:
< 'init : Mtdname | Param: noAid,Latt: noSubst,Code: return(emp) > *
< 'run : Mtdname | Param: noAid,Latt: noSubst,Code: if 'less[[int(0) # 'x]] th
    'x ::= ('minus[['x # int(1)]]) ; tailcall 'run(emp) el return(emp) fi >,
    Ocnt: 1 >
 
< ob('main) : 'Class | Att: noSubst,Pr: noSubst,
'var assign ob('Tailcall0),PrQ: noProc,Lcnt: 0 >

A:Subst --> 'this |-> ob('Tailcall0), 'x |-> int(4)
L:Subst --> noSubst
SL:StmList --> noStm
W:MProc --> 'L0 |-> label(2),
label(2) ?(noAid)
N:Nat --> 3
==========================================
rewrite in TEST-TAILCALL : init .
result Configuration: 
< ob('Tailcall0) : Qu | Dealloc: noDealloc,Ev: noMsg >
 
< ob('main) : Qu | Dealloc: noDealloc,Ev: noMsg >
 
< 'Tailcall : Cl | Inh: noInh,Par: 'x,Att: 'x |-> null,Mtds:
< 'init : Mtdname | Param: noAid,Latt: noSubst,Code: return(emp) > *
< 'run : Mtdname | Param: noAid,Latt: noSubst,Code: if 'less[[int(0) # 'x]] th
    'x ::= ('minus[['x # int(1)]]) ; tailcall 'run(emp) el return(emp) fi >,
    Ocnt: 1 >
 
< ob('Tailcall0) : 'Tailcall | Att: 'this |-> ob('Tailcall0), 'x |-> int(0),Pr:
    idle,PrQ: noProc,Lcnt: 3 >
 
< ob('main) : 'Class | Att: noSubst,Pr: idle,PrQ: noProc,Lcnt: 0 >

Bye.
