==========================================
reduce in PROGRAM : init .
result Configuration: 
< "Butler" : Cl | Inh: noInh, Par: noAid, Att: "p1" |-> null, "p2" |-> null,
    "p3" |-> null, "p4" |-> null, "p5" |-> null, Mtds:
  < "getNeighbor" : Mtdname | Param: noAid, Latt: "neighbor" |-> null, Code: if
    "="("caller" # "p1") th "neighbor" ::= "p2" el if "="("caller" # "p2") th
    "neighbor" ::= "p3" el if "="("caller" # "p3") th "neighbor" ::= "p4" el if
    "="("caller" # "p4") th "neighbor" ::= "p5" el "neighbor" ::= "p1" fi fi fi
    fi ; return("neighbor") > *
  < "init" : Mtdname | Param: noAid, Latt: noSubst, Code: skip ; return(emp) >
    *
  < "run" : Mtdname | Param: noAid, Latt: noSubst, Code: "p1" ::= new
    "Philosopher"("this") ; "p2" ::= new "Philosopher"("this") ; "p3" ::= new
    "Philosopher"("this") ; "p4" ::= new "Philosopher"("this") ; "p5" ::= new
    "Philosopher"("this") ; return(emp) >,
  Ocnt: 0 >

< "Philosopher" : Cl | Inh: noInh, Par: "butler", Att: "butler" |-> null,
    "chopstick" |-> null, "hist" |-> null, "hungry" |-> null, "neighbor" |->
    null, Mtds:
  < "borrowStick" : Mtdname | Param: noAid, Latt: noSubst, Code: await
    "chopstick" ; ("chopstick" assign bool(false)) ; return(emp) > *
  < "digest" : Mtdname | Param: noAid, Latt: noSubst, Code: release ; ("hungry"
    assign bool(true)) ; "hist" ::= "plus"("hist" # str("d")) ; release ;
    "anon.???" ! "this" . "digest"(emp) ; return(emp) > *
  < "eat" : Mtdname | Param: noAid, Latt: noSubst, Code: await "hungry" ; "l" !
    "neighbor" . "borrowStick"(emp) ; await ("l" ??) ; await "chopstick" ;
    "hist" ::= "plus"("hist" # str("e")) ; ("hungry" assign bool(false)) ;
    "anon.1" ! "neighbor" . "returnStick"(emp) ; release ; "anon.???" ! "this"
    . "eat"(emp) ; return(emp) > *
  < "init" : Mtdname | Param: noAid, Latt: noSubst, Code: ("hist" assign str(
    "")) ; ("chopstick" assign bool(true)) ; ("hungry" assign bool(false)) ;
    "sync.0" ! "butler" . "getNeighbor"(emp) ; "sync.0" ?("neighbor") ; return(
    emp) > *
  < "returnStick" : Mtdname | Param: noAid, Latt: noSubst, Code: ("chopstick"
    assign bool(true)) ; return(emp) > *
  < "run" : Mtdname | Param: noAid, Latt: noSubst, Code: ("anon.???" ! "this" .
    "digest"(emp) ||| "anon.???" ! "this" . "eat"(emp) ||| "anon.???" ! "this"
    . "think"(emp)) ; return(emp) > *
  < "think" : Mtdname | Param: noAid, Latt: noSubst, Code: await "~"("hungry")
    ; "hist" ::= "plus"("hist" # str("t")) ; release ; "anon.???" ! "this" .
    "think"(emp) ; return(emp) >,
  Ocnt: 0 >
Bye.
