==========================================
reduce in PROGRAM : init .
result Configuration: 
< "Christmas" : Cl | Inh: noInh, Par: noAid, Att: noSubst, Mtds:
  < "run" : Mtdname | Param: noAid, Latt: "e" |-> null, "r" |-> null, "sc" |->
    null, Code: "sc" ::= new "SantaClausClass"(emp) ; "r" ::= new "Reindeer"(
    "sc") ; "r" ::= new "Reindeer"("sc") ; "r" ::= new "Reindeer"("sc") ; "r"
    ::= new "Reindeer"("sc") ; "r" ::= new "Reindeer"("sc") ; "e" ::= new
    "Elf"("sc") ; "e" ::= new "Elf"("sc") ; "e" ::= new "Elf"("sc") ; "e" ::=
    new "Elf"("sc") ; "e" ::= new "Elf"("sc") ; "e" ::= new "Elf"("sc") ; "e"
    ::= new "Elf"("sc") ; return(emp) >,
  Ocnt: 0 >

< "ElfC" : Cl | Inh: noInh, Par: "sc", Att: "sc" |-> null, Mtds:
  < "run" : Mtdname | Param: noAid, Latt: noSubst, Code: ".anon" ! "this" .
    "work"(emp) ; free(".anon") ; return(emp) > *
  < "showIn" : Mtdname | Param: noAid, Latt: noSubst, Code: ".anon" ! "this" .
    "talkToSanta"(emp) ; free(".anon") ; return(emp) > *
  < "showOut" : Mtdname | Param: noAid, Latt: noSubst, Code: ".anon" ! "this" .
    "work"(emp) ; free(".anon") ; return(emp) > *
  < "talkToSanta" : Mtdname | Param: noAid, Latt: noSubst, Code: skip ; return(
    emp) > *
  < "work" : Mtdname | Param: noAid, Latt: noSubst, Code: ".anon" ! "sc" .
    "haveProblem"(emp) ; free(".anon") ; return(emp) >,
  Ocnt: 0 >

< "LeaderElfC" : Cl | Inh: "ElfC" < emp >, Par: "sc", "elves", Att: "elves" |->
    null, "sc" |-> null, Mtds:
  < "run" : Mtdname | Param: noAid, Latt: noSubst, Code: "sync.0" ! "run" @
    "ElfC"(emp) ; "sync.0" ?(noAid) ; return(emp) > *
  < "work" : Mtdname | Param: noAid, Latt: noSubst, Code: ".anon" ! "sc" .
    "haveProblem"(emp) ; free(".anon") ; return(emp) >,
  Ocnt: 0 >

< "ReindeerC" : Cl | Inh: noInh, Par: "sc", Att: "sc" |-> null, Mtds:
  < "deliverToys" : Mtdname | Param: noAid, Latt: noSubst, Code: skip ; return(
    emp) > *
  < "harness" : Mtdname | Param: noAid, Latt: noSubst, Code: ".anon" ! "this" .
    "deliverToys"(emp) ; free(".anon") ; return(emp) > *
  < "holiday" : Mtdname | Param: noAid, Latt: noSubst, Code: ".anon" ! "sc" .
    "backFromHoliday"(emp) ; free(".anon") ; return(emp) > *
  < "run" : Mtdname | Param: noAid, Latt: noSubst, Code: ".anon" ! "this" .
    "holiday"(emp) ; free(".anon") ; return(emp) > *
  < "unharness" : Mtdname | Param: noAid, Latt: noSubst, Code: ".anon" ! "this"
    . "holiday"(emp) ; free(".anon") ; return(emp) >,
  Ocnt: 0 >

< "SantaClausC" : Cl | Inh: noInh, Par: noAid, Att: "ctElves" |-> null,
    "ctRreindeers" |-> null, "harnessedReindeers" |-> null, "inofficeElves" |->
    null, "waitElves" |-> null, "waitRreindeers" |-> null, Mtds:
  < "backFromHoliday" : Mtdname | Param: noAid, Latt: noSubst, Code:
    "ctReindeers" ::= "+"("ctReindeers" # int(1)) ; "waitReindeers" ::= "plus"(
    "waitReindeers" # "caller") ; return(emp) > *
  < "deliverToys" : Mtdname | Param: noAid, Latt: noSubst, Code: "ctReindeers"
    ::= int(0) ; "t1" ! "first"("waitReindeers") . "harness"(emp) ;
    "harnessedReindeers" ::= "plus"("harnessedReindeers" # "first"(
    "waitReindeers")) ; "waitReindeers" ::= "rest"("waitReindeers") ; "t5" !
    "first"("waitReindeers") . "harness"(emp) ; "harnessedReindeers" ::=
    "plus"("harnessedReindeers" # "first"("waitReindeers")) ; "waitReindeers"
    ::= "rest"("waitReindeers") ; await ("t1" ??) ; await ("t2" ??) ; await (
    "t3" ??) ; await ("t4" ??) ; await ("t5" ??) ; ".anon" ! "first"(
    "harnessedReindeers") . "unharness"(emp) ; free(".anon") ;
    "harnessedReindeers" ::= "rest"("harnessedReindeers") ; ".anon" ! "first"(
    "harnessedReindeers") . "unharness"(emp) ; free(".anon") ;
    "harnessedReindeers" ::= "rest"("harnessedReindeers") ; return(emp) > *
  < "haveProblem" : Mtdname | Param: noAid, Latt: noSubst, Code: "ctElves" ::=
    "+"("ctElves" # int(1)) ; "waitElves" ::= "plus"("waitElves" # "caller") ;
    return(emp) > *
  < "loop" : Mtdname | Param: noAid, Latt: noSubst, Code: (await "&&"("<="(int(
    3) # "ctElves") # "~"("="("ctReindeers" # int(9)))) ; "sync.0" ! "this" .
    "talkToElves"(emp) ; "sync.0" ?(noAid)[]await "="("ctReindeers" # int(5)) ;
    "sync.1" ! "this" . "deliverToys"(emp) ; "sync.1" ?(noAid)) ; ".anon" !
    "this" . "loop"(emp) ; free(".anon") ; return(emp) > *
  < "run" : Mtdname | Param: noAid, Latt: noSubst, Code: ".anon" ! "this" .
    "loop"(emp) ; free(".anon") ; return(emp) > *
  < "talkToelves" : Mtdname | Param: noAid, Latt: noSubst, Code: "ctElves" ::=
    "-"("ctElves" # int(3)) ; "t1" ! "first"("waitElves") . "showIn"(emp) ;
    "inofficeElves" ::= "plus"("inofficeElves" # "first"("waitElves")) ;
    "waitElves" ::= "rest"("waitElves") ; "t2" ! "first"("waitElves") .
    "showIn"(emp) ; "inofficeElves" ::= "plus"("inofficeElves" # "first"(
    "waitElves")) ; "waitElves" ::= "rest"("waitElves") ; "t3" ! "first"(
    "waitElves") . "showIn"(emp) ; "inofficeElves" ::= "plus"("inofficeElves" #
    "first"("waitElves")) ; "waitElves" ::= "rest"("waitElves") ; await ("t1"
    ??) ; await ("t2" ??) ; await ("t3" ??) ; "t1" ! "first"("inoffcieElves") .
    "showOut"(emp) ; "inofficeElves" ::= "rest"("inofficeElves") ; "t2" !
    "first"("inoffcieElves") . "showOut"(emp) ; "inofficeElves" ::= "rest"(
    "inofficeElves") ; "t3" ! "first"("inoffcieElves") . "showOut"(emp) ;
    "inofficeElves" ::= "rest"("inofficeElves") ; await ("t1" ??) ; await ("t2"
    ??) ; await ("t3" ??) ; return(emp) >,
  Ocnt: 0 >
Bye.
