==========================================
reduce in PROGRAM : init .
result Configuration: init
Bye.
