==========================================
reduce in PROGRAM : init .
result Class: 
< "DiscreteTimeout" : Cl | Inh: noInh, Par: "other", Att: "clock" |-> null,
    "other" |-> null, Mtds:
  < "init" : Mtdname | Param: noVid, Latt: noSubst, Code: ("clock" @@
    "DiscreteTimeout") ::= int(0) ; return(emp) > *
  < "run" : Mtdname | Param: noVid, Latt: "label:0" |-> null, Code: "clock" ::=
    "+"("clock" # int(1)) ; "label:0" ! "this" . "run"(emp) ; free("label:0") ;
    return(emp) > *
  < "timeout" : Mtdname | Param: "n", Latt: "l" |-> null, "n" |-> null,
    "result" |-> null, "timeout" |-> null, Code: "timeout" ::= "+"("clock" #
    int(10)) ; "l" ! "other" . "m"(emp) ; (await ">"("clock" # "timeout") ;
    "result" ::= bool(false) ||| await "&&"("l" ?? # "<="("clock" # "timeout"))
    ; "l" ?(noVid) ; "result" ::= bool(true)) ; return("result") >,
  Ocnt: 0 >
Bye.
