==========================================
reduce in PROGRAM : classes .
result Class: 
< "Node" : Cl | Inh: noInh, Par: "db", Att: "db" |-> null, Mtds:
  < "availFiles" : Mtdname | Param: "sList", Latt: "_" |-> null, "fList" |->
    null, "files" |-> null, "l1" |-> null, "l2" |-> null, "sList" |-> null,
    Code: if "="("sList" :: list(emp)) th "files" ::= list(emp) el "l1" !
    "head"("sList") . "enquire"(emp) ; "l2" ! "this" . "availFiles"("tail"(
    "sList")) ; await "&&"("l1" ?? :: "l2" ??) ; "l1" ?("fList") ; "l2" ?(
    "files") ; "files" ::= "|-"("files" :: pair("head"("sList"), "fList")) fi ;
    return("files") > *
  < "enquire" : Mtdname | Param: noVid, Latt: "_" |-> null, "files" |-> null,
    "label:0" |-> null, Code: "label:0" ! "db" . "listFiles"(emp) ; await (
    "label:0" ??) ; "label:0" ?("files") ; return("files") > *
  < "getLength" : Mtdname | Param: "fId", Latt: "_" |-> null, "fId" |-> null,
    "label:0" |-> null, "lth" |-> null, Code: "label:0" ! "db" . "getLength"(
    "fId") ; await ("label:0" ??) ; "label:0" ?("lth") ; return("lth") > *
  < "getPack" : Mtdname | Param: "fId", "pNbr", Latt: "_" |-> null, "f" |->
    null, "fId" |-> null, "label:0" |-> null, "pNbr" |-> null, "pack" |-> null,
    Code: "label:0" ! "db" . "getFile"("fId") ; await ("label:0" ??) ;
    "label:0" ?("f") ; "pack" ::= "nth"("f" :: "pNbr") ; return("pack") > *
  < "init" : Mtdname | Param: noVid, Latt: "_" |-> null, Code: skip ; return(
    emp) > *
  < "reqFile" : Mtdname | Param: "sId", "fId", Latt: "_" |-> null, "fId" |->
    null, "file" |-> null, "label:0" |-> null, "label:1" |-> null, "label:2"
    |-> null, "lth" |-> null, "pack" |-> null, "sId" |-> null, Code: "label:0"
    ! "sId" . "getLength"("fId") ; await ("label:0" ??) ; "label:0" ?("lth") ;
    while ">"("lth" :: int(0)) do "label:1" ! "sId" . "getPack"("fId" :: "lth")
    ; await ("label:1" ??) ; "label:1" ?("pack") ; "file" ::= "-|"("pack" ::
    "file") ; "lth" ::= "-"("lth" :: int(1)) od ; "label:2" ! "db" .
    "storeFile"("fId" :: "file") ; free("label:2") ; return(emp) > *
  < "run" : Mtdname | Param: noVid, Latt: "_" |-> null, Code: skip ; return(
    emp) >,
  Ocnt: 0 >

Bye.
